
> vue-kavia@0.0.0 dev
> vite dev --port 3000 --host 0.0.0.0


  VITE v6.1.0  ready in 538 ms

  ➜  Local:   http://localhost:3000/
  ➜  Network: http://172.17.0.2:3000/
  ➜  Vue DevTools: Open http://localhost:3000/__devtools__/ as a separate window
  ➜  Vue DevTools: Press Alt(⌥)+Shift(⇧)+D in App to toggle the Vue DevTools
1:08:08 PM [vite] (client) hmr update /src/views/HomeView.vue
1:16:58 PM [vite] (client) hmr update /src/views/HomeView.vue
1:16:58 PM [vite] Internal server error: Attribute name cannot contain U+0022 ("), U+0027 ('), and U+003C (<).
  Plugin: vite-plugin-vue-inspector
  File: /home/kavia/workspace/code-generation/hangmanquest-74403-1efa6c04/hangman_frontend_workspace/hangman_frontend/src/views/HomeView.vue
      at createCompilerError (/home/kavia/workspace/code-generation/hangmanquest-74403-1efa6c04/hangman_frontend_workspace/hangman_frontend/node_modules/@vue/compiler-core/dist/compiler-core.cjs.js:1364:17)
      at Object.emitError [as onerr] (/home/kavia/workspace/code-generation/hangmanquest-74403-1efa6c04/hangman_frontend_workspace/hangman_frontend/node_modules/@vue/compiler-core/dist/compiler-core.cjs.js:2949:5)
      at Tokenizer.stateInAttrName (/home/kavia/workspace/code-generation/hangmanquest-74403-1efa6c04/hangman_frontend_workspace/hangman_frontend/node_modules/@vue/compiler-core/dist/compiler-core.cjs.js:854:16)
      at Tokenizer.parse (/home/kavia/workspace/code-generation/hangmanquest-74403-1efa6c04/hangman_frontend_workspace/hangman_frontend/node_modules/@vue/compiler-core/dist/compiler-core.cjs.js:1103:16)
      at Object.baseParse (/home/kavia/workspace/code-generation/hangmanquest-74403-1efa6c04/hangman_frontend_workspace/hangman_frontend/node_modules/@vue/compiler-core/dist/compiler-core.cjs.js:2988:13)
      at parse (/home/kavia/workspace/code-generation/hangmanquest-74403-1efa6c04/hangman_frontend_workspace/hangman_frontend/node_modules/@vue/compiler-dom/dist/compiler-dom.cjs.js:907:23)
      at result (file:///home/kavia/workspace/code-generation/hangmanquest-74403-1efa6c04/hangman_frontend_workspace/hangman_frontend/node_modules/vite-plugin-vue-inspector/dist/index.mjs:29:21)
      at new Promise (<anonymous>)
      at compileSFCTemplate (file:///home/kavia/workspace/code-generation/hangmanquest-74403-1efa6c04/hangman_frontend_workspace/hangman_frontend/node_modules/vite-plugin-vue-inspector/dist/index.mjs:26:24)
      at TransformPluginContext.transform (file:///home/kavia/workspace/code-generation/hangmanquest-74403-1efa6c04/hangman_frontend_workspace/hangman_frontend/node_modules/vite-plugin-vue-inspector/dist/index.mjs:203:18)
1:16:59 PM [vite] Internal server error: Attribute name cannot contain U+0022 ("), U+0027 ('), and U+003C (<).
  Plugin: vite-plugin-vue-inspector
  File: /home/kavia/workspace/code-generation/hangmanquest-74403-1efa6c04/hangman_frontend_workspace/hangman_frontend/src/views/HomeView.vue
      at createCompilerError (/home/kavia/workspace/code-generation/hangmanquest-74403-1efa6c04/hangman_frontend_workspace/hangman_frontend/node_modules/@vue/compiler-core/dist/compiler-core.cjs.js:1364:17)
      at Object.emitError [as onerr] (/home/kavia/workspace/code-generation/hangmanquest-74403-1efa6c04/hangman_frontend_workspace/hangman_frontend/node_modules/@vue/compiler-core/dist/compiler-core.cjs.js:2949:5)
      at Tokenizer.stateInAttrName (/home/kavia/workspace/code-generation/hangmanquest-74403-1efa6c04/hangman_frontend_workspace/hangman_frontend/node_modules/@vue/compiler-core/dist/compiler-core.cjs.js:854:16)
      at Tokenizer.parse (/home/kavia/workspace/code-generation/hangmanquest-74403-1efa6c04/hangman_frontend_workspace/hangman_frontend/node_modules/@vue/compiler-core/dist/compiler-core.cjs.js:1103:16)
      at Object.baseParse (/home/kavia/workspace/code-generation/hangmanquest-74403-1efa6c04/hangman_frontend_workspace/hangman_frontend/node_modules/@vue/compiler-core/dist/compiler-core.cjs.js:2988:13)
      at parse (/home/kavia/workspace/code-generation/hangmanquest-74403-1efa6c04/hangman_frontend_workspace/hangman_frontend/node_modules/@vue/compiler-dom/dist/compiler-dom.cjs.js:907:23)
      at result (file:///home/kavia/workspace/code-generation/hangmanquest-74403-1efa6c04/hangman_frontend_workspace/hangman_frontend/node_modules/vite-plugin-vue-inspector/dist/index.mjs:29:21)
      at new Promise (<anonymous>)
      at compileSFCTemplate (file:///home/kavia/workspace/code-generation/hangmanquest-74403-1efa6c04/hangman_frontend_workspace/hangman_frontend/node_modules/vite-plugin-vue-inspector/dist/index.mjs:26:24)
      at TransformPluginContext.transform (file:///home/kavia/workspace/code-generation/hangmanquest-74403-1efa6c04/hangman_frontend_workspace/hangman_frontend/node_modules/vite-plugin-vue-inspector/dist/index.mjs:203:18)
1:17:11 PM [vite] (client) Pre-transform error: Attribute name cannot contain U+0022 ("), U+0027 ('), and U+003C (<).
  Plugin: vite-plugin-vue-inspector
  File: /home/kavia/workspace/code-generation/hangmanquest-74403-1efa6c04/hangman_frontend_workspace/hangman_frontend/src/views/HomeView.vue
1:17:12 PM [vite] Internal server error: Attribute name cannot contain U+0022 ("), U+0027 ('), and U+003C (<).
  Plugin: vite-plugin-vue-inspector
  File: /home/kavia/workspace/code-generation/hangmanquest-74403-1efa6c04/hangman_frontend_workspace/hangman_frontend/src/views/HomeView.vue
      at createCompilerError (/home/kavia/workspace/code-generation/hangmanquest-74403-1efa6c04/hangman_frontend_workspace/hangman_frontend/node_modules/@vue/compiler-core/dist/compiler-core.cjs.js:1364:17)
      at Object.emitError [as onerr] (/home/kavia/workspace/code-generation/hangmanquest-74403-1efa6c04/hangman_frontend_workspace/hangman_frontend/node_modules/@vue/compiler-core/dist/compiler-core.cjs.js:2949:5)
      at Tokenizer.stateInAttrName (/home/kavia/workspace/code-generation/hangmanquest-74403-1efa6c04/hangman_frontend_workspace/hangman_frontend/node_modules/@vue/compiler-core/dist/compiler-core.cjs.js:854:16)
      at Tokenizer.parse (/home/kavia/workspace/code-generation/hangmanquest-74403-1efa6c04/hangman_frontend_workspace/hangman_frontend/node_modules/@vue/compiler-core/dist/compiler-core.cjs.js:1103:16)
      at Object.baseParse (/home/kavia/workspace/code-generation/hangmanquest-74403-1efa6c04/hangman_frontend_workspace/hangman_frontend/node_modules/@vue/compiler-core/dist/compiler-core.cjs.js:2988:13)
      at parse (/home/kavia/workspace/code-generation/hangmanquest-74403-1efa6c04/hangman_frontend_workspace/hangman_frontend/node_modules/@vue/compiler-dom/dist/compiler-dom.cjs.js:907:23)
      at result (file:///home/kavia/workspace/code-generation/hangmanquest-74403-1efa6c04/hangman_frontend_workspace/hangman_frontend/node_modules/vite-plugin-vue-inspector/dist/index.mjs:29:21)
      at new Promise (<anonymous>)
      at compileSFCTemplate (file:///home/kavia/workspace/code-generation/hangmanquest-74403-1efa6c04/hangman_frontend_workspace/hangman_frontend/node_modules/vite-plugin-vue-inspector/dist/index.mjs:26:24)
      at TransformPluginContext.transform (file:///home/kavia/workspace/code-generation/hangmanquest-74403-1efa6c04/hangman_frontend_workspace/hangman_frontend/node_modules/vite-plugin-vue-inspector/dist/index.mjs:203:18)
1:17:19 PM [vite] Internal server error: Attribute name cannot contain U+0022 ("), U+0027 ('), and U+003C (<).
  Plugin: vite-plugin-vue-inspector
  File: /home/kavia/workspace/code-generation/hangmanquest-74403-1efa6c04/hangman_frontend_workspace/hangman_frontend/src/views/HomeView.vue
      at createCompilerError (/home/kavia/workspace/code-generation/hangmanquest-74403-1efa6c04/hangman_frontend_workspace/hangman_frontend/node_modules/@vue/compiler-core/dist/compiler-core.cjs.js:1364:17)
      at Object.emitError [as onerr] (/home/kavia/workspace/code-generation/hangmanquest-74403-1efa6c04/hangman_frontend_workspace/hangman_frontend/node_modules/@vue/compiler-core/dist/compiler-core.cjs.js:2949:5)
      at Tokenizer.stateInAttrName (/home/kavia/workspace/code-generation/hangmanquest-74403-1efa6c04/hangman_frontend_workspace/hangman_frontend/node_modules/@vue/compiler-core/dist/compiler-core.cjs.js:854:16)
      at Tokenizer.parse (/home/kavia/workspace/code-generation/hangmanquest-74403-1efa6c04/hangman_frontend_workspace/hangman_frontend/node_modules/@vue/compiler-core/dist/compiler-core.cjs.js:1103:16)
      at Object.baseParse (/home/kavia/workspace/code-generation/hangmanquest-74403-1efa6c04/hangman_frontend_workspace/hangman_frontend/node_modules/@vue/compiler-core/dist/compiler-core.cjs.js:2988:13)
      at parse (/home/kavia/workspace/code-generation/hangmanquest-74403-1efa6c04/hangman_frontend_workspace/hangman_frontend/node_modules/@vue/compiler-dom/dist/compiler-dom.cjs.js:907:23)
      at result (file:///home/kavia/workspace/code-generation/hangmanquest-74403-1efa6c04/hangman_frontend_workspace/hangman_frontend/node_modules/vite-plugin-vue-inspector/dist/index.mjs:29:21)
      at new Promise (<anonymous>)
      at compileSFCTemplate (file:///home/kavia/workspace/code-generation/hangmanquest-74403-1efa6c04/hangman_frontend_workspace/hangman_frontend/node_modules/vite-plugin-vue-inspector/dist/index.mjs:26:24)
      at TransformPluginContext.transform (file:///home/kavia/workspace/code-generation/hangmanquest-74403-1efa6c04/hangman_frontend_workspace/hangman_frontend/node_modules/vite-plugin-vue-inspector/dist/index.mjs:203:18)
1:17:49 PM [vite] Internal server error: Attribute name cannot contain U+0022 ("), U+0027 ('), and U+003C (<).
  Plugin: vite-plugin-vue-inspector
  File: /home/kavia/workspace/code-generation/hangmanquest-74403-1efa6c04/hangman_frontend_workspace/hangman_frontend/src/views/HomeView.vue
      at createCompilerError (/home/kavia/workspace/code-generation/hangmanquest-74403-1efa6c04/hangman_frontend_workspace/hangman_frontend/node_modules/@vue/compiler-core/dist/compiler-core.cjs.js:1364:17)
      at Object.emitError [as onerr] (/home/kavia/workspace/code-generation/hangmanquest-74403-1efa6c04/hangman_frontend_workspace/hangman_frontend/node_modules/@vue/compiler-core/dist/compiler-core.cjs.js:2949:5)
      at Tokenizer.stateInAttrName (/home/kavia/workspace/code-generation/hangmanquest-74403-1efa6c04/hangman_frontend_workspace/hangman_frontend/node_modules/@vue/compiler-core/dist/compiler-core.cjs.js:854:16)
      at Tokenizer.parse (/home/kavia/workspace/code-generation/hangmanquest-74403-1efa6c04/hangman_frontend_workspace/hangman_frontend/node_modules/@vue/compiler-core/dist/compiler-core.cjs.js:1103:16)
      at Object.baseParse (/home/kavia/workspace/code-generation/hangmanquest-74403-1efa6c04/hangman_frontend_workspace/hangman_frontend/node_modules/@vue/compiler-core/dist/compiler-core.cjs.js:2988:13)
      at parse (/home/kavia/workspace/code-generation/hangmanquest-74403-1efa6c04/hangman_frontend_workspace/hangman_frontend/node_modules/@vue/compiler-dom/dist/compiler-dom.cjs.js:907:23)
      at result (file:///home/kavia/workspace/code-generation/hangmanquest-74403-1efa6c04/hangman_frontend_workspace/hangman_frontend/node_modules/vite-plugin-vue-inspector/dist/index.mjs:29:21)
      at new Promise (<anonymous>)
      at compileSFCTemplate (file:///home/kavia/workspace/code-generation/hangmanquest-74403-1efa6c04/hangman_frontend_workspace/hangman_frontend/node_modules/vite-plugin-vue-inspector/dist/index.mjs:26:24)
      at TransformPluginContext.transform (file:///home/kavia/workspace/code-generation/hangmanquest-74403-1efa6c04/hangman_frontend_workspace/hangman_frontend/node_modules/vite-plugin-vue-inspector/dist/index.mjs:203:18)
1:17:49 PM [vite] Internal server error: Attribute name cannot contain U+0022 ("), U+0027 ('), and U+003C (<).
  Plugin: vite-plugin-vue-inspector
  File: /home/kavia/workspace/code-generation/hangmanquest-74403-1efa6c04/hangman_frontend_workspace/hangman_frontend/src/views/HomeView.vue
      at createCompilerError (/home/kavia/workspace/code-generation/hangmanquest-74403-1efa6c04/hangman_frontend_workspace/hangman_frontend/node_modules/@vue/compiler-core/dist/compiler-core.cjs.js:1364:17)
      at Object.emitError [as onerr] (/home/kavia/workspace/code-generation/hangmanquest-74403-1efa6c04/hangman_frontend_workspace/hangman_frontend/node_modules/@vue/compiler-core/dist/compiler-core.cjs.js:2949:5)
      at Tokenizer.stateInAttrName (/home/kavia/workspace/code-generation/hangmanquest-74403-1efa6c04/hangman_frontend_workspace/hangman_frontend/node_modules/@vue/compiler-core/dist/compiler-core.cjs.js:854:16)
      at Tokenizer.parse (/home/kavia/workspace/code-generation/hangmanquest-74403-1efa6c04/hangman_frontend_workspace/hangman_frontend/node_modules/@vue/compiler-core/dist/compiler-core.cjs.js:1103:16)
      at Object.baseParse (/home/kavia/workspace/code-generation/hangmanquest-74403-1efa6c04/hangman_frontend_workspace/hangman_frontend/node_modules/@vue/compiler-core/dist/compiler-core.cjs.js:2988:13)
      at parse (/home/kavia/workspace/code-generation/hangmanquest-74403-1efa6c04/hangman_frontend_workspace/hangman_frontend/node_modules/@vue/compiler-dom/dist/compiler-dom.cjs.js:907:23)
      at result (file:///home/kavia/workspace/code-generation/hangmanquest-74403-1efa6c04/hangman_frontend_workspace/hangman_frontend/node_modules/vite-plugin-vue-inspector/dist/index.mjs:29:21)
      at new Promise (<anonymous>)
      at compileSFCTemplate (file:///home/kavia/workspace/code-generation/hangmanquest-74403-1efa6c04/hangman_frontend_workspace/hangman_frontend/node_modules/vite-plugin-vue-inspector/dist/index.mjs:26:24)
      at TransformPluginContext.transform (file:///home/kavia/workspace/code-generation/hangmanquest-74403-1efa6c04/hangman_frontend_workspace/hangman_frontend/node_modules/vite-plugin-vue-inspector/dist/index.mjs:203:18)
1:18:20 PM [vite] Internal server error: Attribute name cannot contain U+0022 ("), U+0027 ('), and U+003C (<).
  Plugin: vite-plugin-vue-inspector
  File: /home/kavia/workspace/code-generation/hangmanquest-74403-1efa6c04/hangman_frontend_workspace/hangman_frontend/src/views/HomeView.vue
      at createCompilerError (/home/kavia/workspace/code-generation/hangmanquest-74403-1efa6c04/hangman_frontend_workspace/hangman_frontend/node_modules/@vue/compiler-core/dist/compiler-core.cjs.js:1364:17)
      at Object.emitError [as onerr] (/home/kavia/workspace/code-generation/hangmanquest-74403-1efa6c04/hangman_frontend_workspace/hangman_frontend/node_modules/@vue/compiler-core/dist/compiler-core.cjs.js:2949:5)
      at Tokenizer.stateInAttrName (/home/kavia/workspace/code-generation/hangmanquest-74403-1efa6c04/hangman_frontend_workspace/hangman_frontend/node_modules/@vue/compiler-core/dist/compiler-core.cjs.js:854:16)
      at Tokenizer.parse (/home/kavia/workspace/code-generation/hangmanquest-74403-1efa6c04/hangman_frontend_workspace/hangman_frontend/node_modules/@vue/compiler-core/dist/compiler-core.cjs.js:1103:16)
      at Object.baseParse (/home/kavia/workspace/code-generation/hangmanquest-74403-1efa6c04/hangman_frontend_workspace/hangman_frontend/node_modules/@vue/compiler-core/dist/compiler-core.cjs.js:2988:13)
      at parse (/home/kavia/workspace/code-generation/hangmanquest-74403-1efa6c04/hangman_frontend_workspace/hangman_frontend/node_modules/@vue/compiler-dom/dist/compiler-dom.cjs.js:907:23)
      at result (file:///home/kavia/workspace/code-generation/hangmanquest-74403-1efa6c04/hangman_frontend_workspace/hangman_frontend/node_modules/vite-plugin-vue-inspector/dist/index.mjs:29:21)
      at new Promise (<anonymous>)
      at compileSFCTemplate (file:///home/kavia/workspace/code-generation/hangmanquest-74403-1efa6c04/hangman_frontend_workspace/hangman_frontend/node_modules/vite-plugin-vue-inspector/dist/index.mjs:26:24)
      at TransformPluginContext.transform (file:///home/kavia/workspace/code-generation/hangmanquest-74403-1efa6c04/hangman_frontend_workspace/hangman_frontend/node_modules/vite-plugin-vue-inspector/dist/index.mjs:203:18)
1:18:24 PM [vite] Internal server error: Attribute name cannot contain U+0022 ("), U+0027 ('), and U+003C (<).
  Plugin: vite-plugin-vue-inspector
  File: /home/kavia/workspace/code-generation/hangmanquest-74403-1efa6c04/hangman_frontend_workspace/hangman_frontend/src/views/HomeView.vue
      at createCompilerError (/home/kavia/workspace/code-generation/hangmanquest-74403-1efa6c04/hangman_frontend_workspace/hangman_frontend/node_modules/@vue/compiler-core/dist/compiler-core.cjs.js:1364:17)
      at Object.emitError [as onerr] (/home/kavia/workspace/code-generation/hangmanquest-74403-1efa6c04/hangman_frontend_workspace/hangman_frontend/node_modules/@vue/compiler-core/dist/compiler-core.cjs.js:2949:5)
      at Tokenizer.stateInAttrName (/home/kavia/workspace/code-generation/hangmanquest-74403-1efa6c04/hangman_frontend_workspace/hangman_frontend/node_modules/@vue/compiler-core/dist/compiler-core.cjs.js:854:16)
      at Tokenizer.parse (/home/kavia/workspace/code-generation/hangmanquest-74403-1efa6c04/hangman_frontend_workspace/hangman_frontend/node_modules/@vue/compiler-core/dist/compiler-core.cjs.js:1103:16)
      at Object.baseParse (/home/kavia/workspace/code-generation/hangmanquest-74403-1efa6c04/hangman_frontend_workspace/hangman_frontend/node_modules/@vue/compiler-core/dist/compiler-core.cjs.js:2988:13)
      at parse (/home/kavia/workspace/code-generation/hangmanquest-74403-1efa6c04/hangman_frontend_workspace/hangman_frontend/node_modules/@vue/compiler-dom/dist/compiler-dom.cjs.js:907:23)
      at result (file:///home/kavia/workspace/code-generation/hangmanquest-74403-1efa6c04/hangman_frontend_workspace/hangman_frontend/node_modules/vite-plugin-vue-inspector/dist/index.mjs:29:21)
      at new Promise (<anonymous>)
      at compileSFCTemplate (file:///home/kavia/workspace/code-generation/hangmanquest-74403-1efa6c04/hangman_frontend_workspace/hangman_frontend/node_modules/vite-plugin-vue-inspector/dist/index.mjs:26:24)
      at TransformPluginContext.transform (file:///home/kavia/workspace/code-generation/hangmanquest-74403-1efa6c04/hangman_frontend_workspace/hangman_frontend/node_modules/vite-plugin-vue-inspector/dist/index.mjs:203:18)
1:18:36 PM [vite] (client) hmr update /src/views/HomeView.vue
1:18:36 PM [vite] (client) Pre-transform error: Attribute name cannot contain U+0022 ("), U+0027 ('), and U+003C (<).
  Plugin: vite-plugin-vue-inspector
  File: /home/kavia/workspace/code-generation/hangmanquest-74403-1efa6c04/hangman_frontend_workspace/hangman_frontend/src/views/HomeView.vue
1:18:37 PM [vite] Internal server error: Attribute name cannot contain U+0022 ("), U+0027 ('), and U+003C (<).
  Plugin: vite-plugin-vue-inspector
  File: /home/kavia/workspace/code-generation/hangmanquest-74403-1efa6c04/hangman_frontend_workspace/hangman_frontend/src/views/HomeView.vue
      at createCompilerError (/home/kavia/workspace/code-generation/hangmanquest-74403-1efa6c04/hangman_frontend_workspace/hangman_frontend/node_modules/@vue/compiler-core/dist/compiler-core.cjs.js:1364:17)
      at Object.emitError [as onerr] (/home/kavia/workspace/code-generation/hangmanquest-74403-1efa6c04/hangman_frontend_workspace/hangman_frontend/node_modules/@vue/compiler-core/dist/compiler-core.cjs.js:2949:5)
      at Tokenizer.stateInAttrName (/home/kavia/workspace/code-generation/hangmanquest-74403-1efa6c04/hangman_frontend_workspace/hangman_frontend/node_modules/@vue/compiler-core/dist/compiler-core.cjs.js:854:16)
      at Tokenizer.parse (/home/kavia/workspace/code-generation/hangmanquest-74403-1efa6c04/hangman_frontend_workspace/hangman_frontend/node_modules/@vue/compiler-core/dist/compiler-core.cjs.js:1103:16)
      at Object.baseParse (/home/kavia/workspace/code-generation/hangmanquest-74403-1efa6c04/hangman_frontend_workspace/hangman_frontend/node_modules/@vue/compiler-core/dist/compiler-core.cjs.js:2988:13)
      at parse (/home/kavia/workspace/code-generation/hangmanquest-74403-1efa6c04/hangman_frontend_workspace/hangman_frontend/node_modules/@vue/compiler-dom/dist/compiler-dom.cjs.js:907:23)
      at result (file:///home/kavia/workspace/code-generation/hangmanquest-74403-1efa6c04/hangman_frontend_workspace/hangman_frontend/node_modules/vite-plugin-vue-inspector/dist/index.mjs:29:21)
      at new Promise (<anonymous>)
      at compileSFCTemplate (file:///home/kavia/workspace/code-generation/hangmanquest-74403-1efa6c04/hangman_frontend_workspace/hangman_frontend/node_modules/vite-plugin-vue-inspector/dist/index.mjs:26:24)
      at TransformPluginContext.transform (file:///home/kavia/workspace/code-generation/hangmanquest-74403-1efa6c04/hangman_frontend_workspace/hangman_frontend/node_modules/vite-plugin-vue-inspector/dist/index.mjs:203:18)
1:18:53 PM [vite] (client) hmr update /src/views/HomeView.vue
1:18:55 PM [vite] (client) hmr update /src/views/HomeView.vue
1:19:09 PM [vite] (client) hmr update /src/views/HomeView.vue
1:19:21 PM [vite] (client) hmr update /src/views/HomeView.vue
